Run ................ 31967378586
Branche ............ refactor/node-mysql
Commit ............. d1d5cff7a3ce9d4574c2fb14a59b6a6a7faca0f6
Résultat ........... failure
Date ............... 2026-08-16 19:23 UTC
──────────────────────────────────────────────────────────

══════════════════════════════════════════════════════════════
▶ Versions
══════════════════════════════════════════════════════════════
v20.20.2
10.8.2

══════════════════════════════════════════════════════════════
▶ Installation des dépendances du backend
══════════════════════════════════════════════════════════════

added 96 packages in 3s

══════════════════════════════════════════════════════════════
▶ Installation des dépendances de l'interface
══════════════════════════════════════════════════════════════
npm warn deprecated inflight@1.0.6: This module is not supported, and leaks memory. Do not use it. Check out lru-cache if you want a good and tested way to coalesce async requests by a key value, which is much more comprehensive and powerful.
npm warn deprecated rimraf@3.0.2: Rimraf versions prior to v4 are no longer supported
npm warn deprecated npmlog@5.0.1: This package is no longer supported.
npm warn deprecated are-we-there-yet@2.0.0: This package is no longer supported.
npm warn deprecated glob@7.2.3: Old versions of glob are not supported, and contain widely publicized security vulnerabilities, which have been fixed in the current version. Please update. Support for old versions may be purchased (at exorbitant rates) by contacting i@izs.me
npm warn deprecated gauge@3.0.2: This package is no longer supported.
npm warn deprecated tar@6.2.1: Old versions of tar are not supported, and contain widely publicized security vulnerabilities, which have been fixed in the current version. Please update. Support for old versions may be purchased (at exorbitant rates) by contacting i@izs.me

added 214 packages in 16s

══════════════════════════════════════════════════════════════
▶ Contrôle des types TypeScript
══════════════════════════════════════════════════════════════

> hmgcde-frontend@3.0.0 typecheck
> tsc --noEmit

src/lib/tariff-storage.ts(122,5): error TS2322: Type '(ManualPriceHistoryItem | { id: string; date: string; changes: ManualPriceChange[]; source: string; })[]' is not assignable to type 'ManualPriceHistoryItem[]'.
  Type 'ManualPriceHistoryItem | { id: string; date: string; changes: ManualPriceChange[]; source: string; }' is not assignable to type 'ManualPriceHistoryItem'.
    Type '{ id: string; date: string; changes: ManualPriceChange[]; source: string; }' is not assignable to type 'ManualPriceHistoryItem'.
      Types of property 'source' are incompatible.
        Type 'string' is not assignable to type '"Manuel" | "Import tarif" | undefined'.
src/lib/tariff-storage.ts(157,5): error TS2322: Type '(ManualPriceHistoryItem | { id: string; date: string; changes: ManualPriceChange[]; source: string; })[]' is not assignable to type 'ManualPriceHistoryItem[]'.
  Type 'ManualPriceHistoryItem | { id: string; date: string; changes: ManualPriceChange[]; source: string; }' is not assignable to type 'ManualPriceHistoryItem'.
    Type '{ id: string; date: string; changes: ManualPriceChange[]; source: string; }' is not assignable to type 'ManualPriceHistoryItem'.
      Types of property 'source' are incompatible.
        Type 'string' is not assignable to type '"Manuel" | "Import tarif" | undefined'.

✗ ÉCHEC à l'étape : types TypeScript
