Run ................ 31967783780
Branche ............ refactor/node-mysql
Commit ............. e65f36ee1a855c922ab57e4597c543e079eb9048
Résultat ........... failure
Date ............... 2026-08-16 19:32 UTC
──────────────────────────────────────────────────────────

══════════════════════════════════════════════════════════════
▶ Versions
══════════════════════════════════════════════════════════════
v20.20.2
10.8.2

══════════════════════════════════════════════════════════════
▶ Installation des dépendances du backend
══════════════════════════════════════════════════════════════

added 96 packages in 3s

══════════════════════════════════════════════════════════════
▶ Installation des dépendances de l'interface
══════════════════════════════════════════════════════════════
npm warn deprecated inflight@1.0.6: This module is not supported, and leaks memory. Do not use it. Check out lru-cache if you want a good and tested way to coalesce async requests by a key value, which is much more comprehensive and powerful.
npm warn deprecated are-we-there-yet@2.0.0: This package is no longer supported.
npm warn deprecated npmlog@5.0.1: This package is no longer supported.
npm warn deprecated rimraf@3.0.2: Rimraf versions prior to v4 are no longer supported
npm warn deprecated glob@7.2.3: Old versions of glob are not supported, and contain widely publicized security vulnerabilities, which have been fixed in the current version. Please update. Support for old versions may be purchased (at exorbitant rates) by contacting i@izs.me
npm warn deprecated gauge@3.0.2: This package is no longer supported.
npm warn deprecated tar@6.2.1: Old versions of tar are not supported, and contain widely publicized security vulnerabilities, which have been fixed in the current version. Please update. Support for old versions may be purchased (at exorbitant rates) by contacting i@izs.me

added 214 packages in 20s

══════════════════════════════════════════════════════════════
▶ Contrôle des types TypeScript
══════════════════════════════════════════════════════════════

> hmgcde-frontend@3.0.0 typecheck
> tsc --noEmit


══════════════════════════════════════════════════════════════
▶ Compilation de l'interface
══════════════════════════════════════════════════════════════

> hmgcde-frontend@3.0.0 build
> tsc --noEmit && vite build

[36mvite v8.2.1 [32mbuilding client environment for production...[36m[39m
[2Ktransforming...✓ 1589 modules transformed.
rendering chunks...
computing gzip size...
dist/index.html                             0.45 kB │ gzip:   0.29 kB
dist/assets/pdf.worker.min-SzY6Yteu.js  1,133.66 kB
dist/assets/index-BE5w3mTH.css             75.68 kB │ gzip:  15.80 kB
dist/assets/pdf-Dj3IOC6d.js               366.33 kB │ gzip: 108.08 kB
dist/assets/xlsx-BHKh7vjA.js              424.11 kB │ gzip: 141.36 kB
dist/assets/index-BsudtfN3.js             562.51 kB │ gzip: 153.96 kB

[33m[33m[EVAL] [0mUse of direct `eval` function is strongly discouraged as it poses security risks and may cause issues with minification.
      [38;5;246m╭[0m[38;5;246m─[0m[38;5;246m[[0m node_modules/pdfjs-dist/legacy/build/pdf.js:4549:24 [38;5;246m][0m
      [38;5;246m│[0m
 [38;5;246m4549 │[0m [38;5;249m [0m[38;5;249m [0m[38;5;249m [0m[38;5;249m [0m[38;5;249m [0m[38;5;249m [0m[38;5;249m [0m[38;5;249m [0m[38;5;249mc[0m[38;5;249mo[0m[38;5;249mn[0m[38;5;249ms[0m[38;5;249mt[0m[38;5;249m [0m[38;5;249mw[0m[38;5;249mo[0m[38;5;249mr[0m[38;5;249mk[0m[38;5;249me[0m[38;5;249mr[0m[38;5;249m [0m[38;5;249m=[0m[38;5;249m [0meval[38;5;249m([0m[38;5;249m"[0m[38;5;249mr[0m[38;5;249me[0m[38;5;249mq[0m[38;5;249mu[0m[38;5;249mi[0m[38;5;249mr[0m[38;5;249me[0m[38;5;249m"[0m[38;5;249m)[0m[38;5;249m([0m[38;5;249mt[0m[38;5;249mh[0m[38;5;249mi[0m[38;5;249ms[0m[38;5;249m.[0m[38;5;249mw[0m[38;5;249mo[0m[38;5;249mr[0m[38;5;249mk[0m[38;5;249me[0m[38;5;249mr[0m[38;5;249mS[0m[38;5;249mr[0m[38;5;249mc[0m[38;5;249m)[0m[38;5;249m;[0m
 [38;5;240m     │[0m                        ──┬─  
 [38;5;240m     │[0m                          ╰─── Use of direct `eval` here.
 [38;5;240m     │[0m 
 [38;5;240m     │[0m [38;5;115mHelp[0m: Consider using indirect eval. For more information, check the documentation: https://rolldown.rs/guide/troubleshooting#avoiding-direct-eval
[38;5;246m──────╯[0m
[39m
[33m[plugin builtin:vite-reporter] 
(!) Some chunks are larger than 500 kB after minification. Consider:
- Using dynamic import() to code-split the application
- Use build.rolldownOptions.output.codeSplitting to improve chunking: https://rolldown.rs/reference/OutputOptions.codeSplitting
- Adjust chunk size limit for this warning via build.chunkSizeWarningLimit.[39m
[32m✓ built in 401ms[39m

══════════════════════════════════════════════════════════════
▶ Création du schéma MySQL
══════════════════════════════════════════════════════════════

> hmgcde-backend@3.0.0 migrate
> node db/migrate.js

✓ migration appliquée : 001_init.sql
1 migration(s) appliquée(s).

══════════════════════════════════════════════════════════════
▶ Amorçage des données
══════════════════════════════════════════════════════════════

> hmgcde-backend@3.0.0 seed
> node db/seed.js

✓ Sociétés, fournisseurs et réglages en place.
✓ Catalogue : 75 produit(s) créé(s), 75 au total.
✓ Compte administrateur créé : admin@hmgroup.fr

══════════════════════════════════════════════════════════════
▶ Démarrage de l'API
══════════════════════════════════════════════════════════════
API démarrée.

══════════════════════════════════════════════════════════════
▶ Parcours métier de bout en bout
══════════════════════════════════════════════════════════════

Test de l'API sur http://127.0.0.1:3001

  ✓ le serveur répond
  ✓ l'API refuse les visiteurs non connectés
  ✓ un mauvais mot de passe est refusé
  ✓ connexion réussie
  ✗ chargement initial
  ✗ les 4 sociétés sont présentes — reçu undefined
  ✗ le catalogue est amorcé — reçu undefined
  ✗ les fournisseurs sont présents
  ✗ le nombre d'équipes par société est connu
  ✗ un produit composé existe — aucun coffret/carton trouvé
  ✗ le composé a son contenu détaillé
  ✗ chaque élément connaît ses prix fournisseur

Le test a planté : TypeError: Cannot read properties of undefined (reading '0')
    at run (file:///home/runner/work/hmgcde/hmgcde/backend/scripts/smoke-test.js:83:32)
    at process.processTicksAndRejections (node:internal/process/task_queues:95:5)

--- journal du serveur ---

> hmgcde-backend@3.0.0 start
> node server.js

✓ Base de données hmgcde accessible sur 127.0.0.1.
✓ API Achats filiales HM Group sur http://127.0.0.1:3001 (test)
[GET /api/bootstrap] SyntaxError: Unexpected token 'C', "Cordialeme"... is not valid JSON
    at JSON.parse (<anonymous>)
    at parseValue (file:///home/runner/work/hmgcde/hmgcde/backend/models/settings.js:25:65)
    at Module.getSettings (file:///home/runner/work/hmgcde/hmgcde/backend/models/settings.js:36:71)
    at process.processTicksAndRejections (node:internal/process/task_queues:95:5)
    at async Promise.all (index 3)
    at async file:///home/runner/work/hmgcde/hmgcde/backend/controllers/bootstrap.controller.js:14:5

✗ ÉCHEC à l'étape : parcours métier
