Run ................ 35910139430
Branche ............ refactor/node-mysql
Commit ............. f80b629862ddddab14e8c98799e97a38ee0b63d1
Résultat ........... failure
Date ............... 2026-09-23 19:34 UTC
──────────────────────────────────────────────────────────

══════════════════════════════════════════════════════════════
▶ Versions
══════════════════════════════════════════════════════════════
v22.23.2
10.9.8

══════════════════════════════════════════════════════════════
▶ Installation des dépendances du backend
══════════════════════════════════════════════════════════════

added 96 packages in 3s

══════════════════════════════════════════════════════════════
▶ Installation des dépendances de l'interface
══════════════════════════════════════════════════════════════
npm warn deprecated inflight@1.0.6: This module is not supported, and leaks memory. Do not use it. Check out lru-cache if you want a good and tested way to coalesce async requests by a key value, which is much more comprehensive and powerful.
npm warn deprecated glob@7.2.3: Old versions of glob are not supported, and contain widely publicized security vulnerabilities, which have been fixed in the current version. Please update. Support for old versions may be purchased (at exorbitant rates) by contacting i@izs.me
npm warn deprecated npmlog@5.0.1: This package is no longer supported.
npm warn deprecated rimraf@3.0.2: Rimraf versions prior to v4 are no longer supported
npm warn deprecated are-we-there-yet@2.0.0: This package is no longer supported.
npm warn deprecated gauge@3.0.2: This package is no longer supported.
npm warn deprecated tar@6.2.1: Old versions of tar are not supported, and contain widely publicized security vulnerabilities, which have been fixed in the current version. Please update. Support for old versions may be purchased (at exorbitant rates) by contacting i@izs.me
npm warn deprecated eslint@9.39.5: This version is no longer supported. Please see https://eslint.org/version-support for other options.

added 159 packages in 21s

══════════════════════════════════════════════════════════════
▶ Contrôle des types TypeScript
══════════════════════════════════════════════════════════════

> hmgcde-frontend@3.0.0 typecheck
> tsc --noEmit

src/components/crm/NewOrder.tsx(101,29): error TS2304: Cannot find name 'Product'.
src/components/crm/NewOrder.tsx(102,26): error TS7006: Parameter 'o' implicitly has an 'any' type.
src/components/crm/NewOrder.tsx(105,34): error TS2304: Cannot find name 'Product'.
src/components/crm/NewOrder.tsx(106,38): error TS7006: Parameter 'o' implicitly has an 'any' type.
src/components/crm/NewOrder.tsx(106,61): error TS7006: Parameter 'v' implicitly has an 'any' type.

✗ ÉCHEC à l'étape : types TypeScript
