Run ................ 36259968731
Branche ............ refactor/node-mysql
Commit ............. 25bfb18329f85f416457b916f3a375a896fea221
Résultat ........... success
Date ............... 2026-09-26 17:43 UTC
──────────────────────────────────────────────────────────

══════════════════════════════════════════════════════════════
▶ Versions
══════════════════════════════════════════════════════════════
v22.23.2
10.9.8

══════════════════════════════════════════════════════════════
▶ Installation des dépendances du backend
══════════════════════════════════════════════════════════════

added 96 packages in 5s

══════════════════════════════════════════════════════════════
▶ Installation des dépendances de l'interface
══════════════════════════════════════════════════════════════
npm warn deprecated inflight@1.0.6: This module is not supported, and leaks memory. Do not use it. Check out lru-cache if you want a good and tested way to coalesce async requests by a key value, which is much more comprehensive and powerful.
npm warn deprecated glob@7.2.3: Old versions of glob are not supported, and contain widely publicized security vulnerabilities, which have been fixed in the current version. Please update. Support for old versions may be purchased (at exorbitant rates) by contacting i@izs.me
npm warn deprecated npmlog@5.0.1: This package is no longer supported.
npm warn deprecated rimraf@3.0.2: Rimraf versions prior to v4 are no longer supported
npm warn deprecated are-we-there-yet@2.0.0: This package is no longer supported.
npm warn deprecated gauge@3.0.2: This package is no longer supported.
npm warn deprecated tar@6.2.1: Old versions of tar are not supported, and contain widely publicized security vulnerabilities, which have been fixed in the current version. Please update. Support for old versions may be purchased (at exorbitant rates) by contacting i@izs.me
npm warn deprecated eslint@9.39.5: This version is no longer supported. Please see https://eslint.org/version-support for other options.

added 159 packages in 24s

══════════════════════════════════════════════════════════════
▶ Contrôle des types TypeScript
══════════════════════════════════════════════════════════════

> hmgcde-frontend@3.0.0 typecheck
> tsc --noEmit


══════════════════════════════════════════════════════════════
▶ Répartition entre les sociétés
══════════════════════════════════════════════════════════════
TAP version 13
# Subtest: une société sans équipe n'est jamais servie
ok 1 - une société sans équipe n'est jamais servie
  ---
  duration_ms: 3.160678
  type: 'test'
  ...
# Subtest: le total réparti égale toujours la quantité commandée
ok 2 - le total réparti égale toujours la quantité commandée
  ---
  duration_ms: 4.459619
  type: 'test'
  ...
# Subtest: aucune part négative
ok 3 - aucune part négative
  ---
  duration_ms: 0.751036
  type: 'test'
  ...
# Subtest: la répartition suit le nombre d'équipes
ok 4 - la répartition suit le nombre d'équipes
  ---
  duration_ms: 1.050026
  type: 'test'
  ...
# Subtest: sans aucune équipe configurée, rien n'est réparti d'office
ok 5 - sans aucune équipe configurée, rien n'est réparti d'office
  ---
  duration_ms: 0.224581
  type: 'test'
  ...
# Subtest: une quantité nulle ne distribue rien
ok 6 - une quantité nulle ne distribue rien
  ---
  duration_ms: 0.180809
  type: 'test'
  ...
1..6
# tests 6
# suites 0
# pass 6
# fail 0
# cancelled 0
# skipped 0
# todo 0
# duration_ms 115.924083

══════════════════════════════════════════════════════════════
▶ Conservation des prix saisis
══════════════════════════════════════════════════════════════
TAP version 13
# Subtest: le prix saisi se retrouve sur l'offre du bon fournisseur
ok 1 - le prix saisi se retrouve sur l'offre du bon fournisseur
  ---
  duration_ms: 1.239812
  type: 'test'
  ...
# Subtest: les autres fournisseurs gardent leur prix
ok 2 - les autres fournisseurs gardent leur prix
  ---
  duration_ms: 0.230702
  type: 'test'
  ...
# Subtest: le prix d'un élément de coffret est reporté
ok 3 - le prix d'un élément de coffret est reporté
  ---
  duration_ms: 0.292728
  type: 'test'
  ...
# Subtest: un prix à zéro est une valeur, pas une absence
ok 4 - un prix à zéro est une valeur, pas une absence
  ---
  duration_ms: 0.209191
  type: 'test'
  ...
# Subtest: sans saisie, le catalogue ressort intact
ok 5 - sans saisie, le catalogue ressort intact
  ---
  duration_ms: 0.154901
  type: 'test'
  ...
# Subtest: un produit non concerné n'est pas modifié
ok 6 - un produit non concerné n'est pas modifié
  ---
  duration_ms: 0.201267
  type: 'test'
  ...
1..6
# tests 6
# suites 0
# pass 6
# fail 0
# cancelled 0
# skipped 0
# todo 0
# duration_ms 102.83185

══════════════════════════════════════════════════════════════
▶ Filtres et totaux des commandes
══════════════════════════════════════════════════════════════
TAP version 13
# Subtest: relit une date écrite en toutes lettres, accents compris
ok 1 - relit une date écrite en toutes lettres, accents compris
  ---
  duration_ms: 2.716907
  type: 'test'
  ...
# Subtest: la borne haute garde le jour entier
ok 2 - la borne haute garde le jour entier
  ---
  duration_ms: 0.506248
  type: 'test'
  ...
# Subtest: filtre par fournisseur et par statut
ok 3 - filtre par fournisseur et par statut
  ---
  duration_ms: 0.282759
  type: 'test'
  ...
# Subtest: une date illisible n'est jamais écartée par un filtre de dates
ok 4 - une date illisible n'est jamais écartée par un filtre de dates
  ---
  duration_ms: 0.381454
  type: 'test'
  ...
# Subtest: les totaux tiennent compte du filtre en cours
ok 5 - les totaux tiennent compte du filtre en cours
  ---
  duration_ms: 0.406893
  type: 'test'
  ...
# Subtest: le détail par fournisseur va du plus gros au plus petit
ok 6 - le détail par fournisseur va du plus gros au plus petit
  ---
  duration_ms: 0.269234
  type: 'test'
  ...
# Subtest: un total manquant compte pour zéro, il ne casse pas la somme
ok 7 - un total manquant compte pour zéro, il ne casse pas la somme
  ---
  duration_ms: 0.287529
  type: 'test'
  ...
1..7
# tests 7
# suites 0
# pass 7
# fail 0
# cancelled 0
# skipped 0
# todo 0
# duration_ms 119.22476

══════════════════════════════════════════════════════════════
▶ Compilation de l'interface
══════════════════════════════════════════════════════════════

> hmgcde-frontend@3.0.0 build
> tsc --noEmit && vite build

[36mvite v8.3.1 [32mbuilding client environment for production...[36m[39m
transforming...
✓ 1598 modules transformed.
rendering chunks...
computing gzip size...
dist/index.html                             0.78 kB │ gzip:   0.42 kB
dist/assets/pdf.worker.min-SzY6Yteu.js  1,133.66 kB
dist/assets/index-BdVCedq8.css             52.73 kB │ gzip:  10.22 kB
dist/assets/pdf-5Kp2Uv8x.js               366.30 kB │ gzip: 108.08 kB
dist/assets/xlsx-BKER4Xe2.js              423.91 kB │ gzip: 141.25 kB
dist/assets/index-DQz4LXWE.js             624.79 kB │ gzip: 172.69 kB

[33m[33m[EVAL] [0mUse of direct `eval` function is strongly discouraged as it poses security risks and may cause issues with minification.
      [38;5;246m╭[0m[38;5;246m─[0m[38;5;246m[[0m node_modules/pdfjs-dist/legacy/build/pdf.js:4549:24 [38;5;246m][0m
      [38;5;246m│[0m
 [38;5;246m4549 │[0m [38;5;249m [0m[38;5;249m [0m[38;5;249m [0m[38;5;249m [0m[38;5;249m [0m[38;5;249m [0m[38;5;249m [0m[38;5;249m [0m[38;5;249mc[0m[38;5;249mo[0m[38;5;249mn[0m[38;5;249ms[0m[38;5;249mt[0m[38;5;249m [0m[38;5;249mw[0m[38;5;249mo[0m[38;5;249mr[0m[38;5;249mk[0m[38;5;249me[0m[38;5;249mr[0m[38;5;249m [0m[38;5;249m=[0m[38;5;249m [0meval[38;5;249m([0m[38;5;249m"[0m[38;5;249mr[0m[38;5;249me[0m[38;5;249mq[0m[38;5;249mu[0m[38;5;249mi[0m[38;5;249mr[0m[38;5;249me[0m[38;5;249m"[0m[38;5;249m)[0m[38;5;249m([0m[38;5;249mt[0m[38;5;249mh[0m[38;5;249mi[0m[38;5;249ms[0m[38;5;249m.[0m[38;5;249mw[0m[38;5;249mo[0m[38;5;249mr[0m[38;5;249mk[0m[38;5;249me[0m[38;5;249mr[0m[38;5;249mS[0m[38;5;249mr[0m[38;5;249mc[0m[38;5;249m)[0m[38;5;249m;[0m
 [38;5;240m     │[0m                        ──┬─  
 [38;5;240m     │[0m                          ╰─── Use of direct `eval` here.
 [38;5;240m     │[0m 
 [38;5;240m     │[0m [38;5;115mHelp[0m: Consider using indirect eval. For more information, check the documentation: https://rolldown.rs/guide/troubleshooting#avoiding-direct-eval
[38;5;246m──────╯[0m
[39m
[33m[plugin builtin:vite-reporter] 
(!) Some chunks are larger than 500 kB after minification. Consider:
- Using dynamic import() to code-split the application
- Use build.rolldownOptions.output.codeSplitting to improve chunking: https://rolldown.rs/reference/OutputOptions.codeSplitting
- Adjust chunk size limit for this warning via build.chunkSizeWarningLimit.[39m
[32m✓ built in 458ms[39m

══════════════════════════════════════════════════════════════
▶ Création du schéma MySQL
══════════════════════════════════════════════════════════════

> hmgcde-backend@3.0.0 migrate
> node db/migrate.js

✓ migration appliquée : 001_init.sql
✓ migration appliquée : 002_role_demandeur.sql
2 migration(s) appliquée(s).

══════════════════════════════════════════════════════════════
▶ Amorçage des données
══════════════════════════════════════════════════════════════

> hmgcde-backend@3.0.0 seed
> node db/seed.js

✓ Sociétés, fournisseurs et réglages en place.
✓ Catalogue : 75 produit(s) créé(s), 75 au total.
✓ Compte administrateur créé : admin@hmgroup.fr

══════════════════════════════════════════════════════════════
▶ Démarrage de l'API
══════════════════════════════════════════════════════════════
API démarrée.

══════════════════════════════════════════════════════════════
▶ Parcours métier de bout en bout
══════════════════════════════════════════════════════════════

Test de l'API sur http://127.0.0.1:3001

  ✓ le serveur répond
  ✓ l'API refuse les visiteurs non connectés
  ✓ un mauvais mot de passe est refusé
  ✓ connexion réussie
  ✓ chargement initial
  ✓ les 4 sociétés sont présentes
  ✓ le catalogue est amorcé
  ✓ les fournisseurs sont présents
  ✓ le nombre d'équipes par société est connu
  ✓ un produit composé existe
  ✓ le composé a son contenu détaillé
  ✓ chaque élément connaît ses prix fournisseur
  ✓ commande enregistrée
  ✓ la commande est relue depuis la base
  ✓ la répartition par société est conservée
  ✓ le fournisseur est conservé
  ✓ la date est renvoyée en français
  ✓ prix enregistré
  ✓ le nouveau prix est en base
  ✓ l'historique des prix est alimenté
  ✓ demande d'achat enregistrée
  ✓ la demande est relue avec ses lignes
  ✓ paramètres enregistrés
  ✓ l'objet de l'e-mail est conservé
  ✓ le nombre d'équipes est conservé
  ✓ compte demandeur créé
  ✓ connexion du demandeur
  ✓ le demandeur ne reçoit aucun prix produit
  ✓ le demandeur ne reçoit aucun total de commande
  ✓ le demandeur ne reçoit pas l'historique des prix
  ✓ le demandeur peut créer une demande d'achat
  ✓ le demandeur ne peut pas passer commande
  ✓ le demandeur ne peut pas toucher aux paramètres
  ✓ le demandeur ne voit pas les comptes
  ✓ déconnexion
  ✓ la session est bien fermée

Toutes les vérifications passent.


--- journal du serveur ---

> hmgcde-backend@3.0.0 start
> node server.js

✓ Base de données hmgcde accessible sur 127.0.0.1.
✓ API Achats filiales HM Group sur http://127.0.0.1:3001 (test)

✓ TOUT EST VERT
