Run ................ 37897337413
Branche ............ refactor/node-mysql
Commit ............. 15133bce618575d976054d630ff025db97095052
Résultat ........... failure
Date ............... 2026-10-09 07:09 UTC
──────────────────────────────────────────────────────────

══════════════════════════════════════════════════════════════
▶ Versions
══════════════════════════════════════════════════════════════
v22.23.3
10.9.9

══════════════════════════════════════════════════════════════
▶ Installation des dépendances du backend
══════════════════════════════════════════════════════════════

added 96 packages in 3s

══════════════════════════════════════════════════════════════
▶ Installation des dépendances de l'interface
══════════════════════════════════════════════════════════════
npm warn deprecated inflight@1.0.6: This module is not supported, and leaks memory. Do not use it. Check out lru-cache if you want a good and tested way to coalesce async requests by a key value, which is much more comprehensive and powerful.
npm warn deprecated npmlog@5.0.1: This package is no longer supported.
npm warn deprecated rimraf@3.0.2: Rimraf versions prior to v4 are no longer supported
npm warn deprecated glob@7.2.3: Old versions of glob are not supported, and contain widely publicized security vulnerabilities, which have been fixed in the current version. Please update. Support for old versions may be purchased (at exorbitant rates) by contacting i@izs.me
npm warn deprecated gauge@3.0.2: This package is no longer supported.
npm warn deprecated are-we-there-yet@2.0.0: This package is no longer supported.
npm warn deprecated tar@6.2.1: Old versions of tar are not supported, and contain widely publicized security vulnerabilities, which have been fixed in the current version. Please update. Support for old versions may be purchased (at exorbitant rates) by contacting i@izs.me
npm warn deprecated eslint@9.39.5: This version is no longer supported. Please see https://eslint.org/version-support for other options.

added 151 packages in 22s

══════════════════════════════════════════════════════════════
▶ Contrôle des types TypeScript
══════════════════════════════════════════════════════════════

> hmgcde-frontend@3.0.0 typecheck
> tsc --noEmit

src/components/crm/OtherScreens.tsx(105,53): error TS2353: Object literal may only specify known properties, and 'email' does not exist in type 'Pick<StoredOrder, "reference" | "lines">'.
src/components/crm/TariffImports.tsx(573,16): error TS2345: Argument of type '{ id: string; product: Product | undefined; oldPrice: number; conversion: ResultatConversion; status: "changed" | "new" | "unchanged"; suggestions: Product[]; ... 5 more ...; unit?: string | undefined; }[]' is not assignable to parameter of type 'SetStateAction<ReviewLine[]>'.
  Type '{ id: string; product: Product | undefined; oldPrice: number; conversion: ResultatConversion; status: "changed" | "new" | "unchanged"; suggestions: Product[]; ... 5 more ...; unit?: string | undefined; }[]' is not assignable to type 'ReviewLine[]'.
    Type '{ id: string; product: Product | undefined; oldPrice: number; conversion: ResultatConversion; status: "changed" | "new" | "unchanged"; suggestions: Product[]; ... 5 more ...; unit?: string; }' is not assignable to type 'ReviewLine'.
      Property 'prixMetre' is missing in type '{ id: string; product: Product | undefined; oldPrice: number; conversion: ResultatConversion; status: "changed" | "new" | "unchanged"; suggestions: Product[]; ... 5 more ...; unit?: string; }' but required in type '{ id: string; product?: Product | undefined; oldPrice: number; status: "changed" | "new" | "unchanged"; selected: boolean; suggestions: Product[]; conversion: ResultatConversion; prixMetre: number | null; }'.

✗ ÉCHEC à l'étape : types TypeScript
