Run ................ 38080550373
Branche ............ refactor/node-mysql
Commit ............. 39a7f62a1649e60d2ae444f9c90ef98d4bf22a62
Résultat ........... success
Date ............... 2026-10-10 19:38 UTC
──────────────────────────────────────────────────────────

══════════════════════════════════════════════════════════════
▶ Versions
══════════════════════════════════════════════════════════════
v22.23.3
10.9.9

══════════════════════════════════════════════════════════════
▶ Installation des dépendances du backend
══════════════════════════════════════════════════════════════

added 96 packages in 3s

══════════════════════════════════════════════════════════════
▶ Installation des dépendances de l'interface
══════════════════════════════════════════════════════════════
npm warn deprecated inflight@1.0.6: This module is not supported, and leaks memory. Do not use it. Check out lru-cache if you want a good and tested way to coalesce async requests by a key value, which is much more comprehensive and powerful.
npm warn deprecated are-we-there-yet@2.0.0: This package is no longer supported.
npm warn deprecated rimraf@3.0.2: Rimraf versions prior to v4 are no longer supported
npm warn deprecated npmlog@5.0.1: This package is no longer supported.
npm warn deprecated gauge@3.0.2: This package is no longer supported.
npm warn deprecated glob@7.2.3: Old versions of glob are not supported, and contain widely publicized security vulnerabilities, which have been fixed in the current version. Please update. Support for old versions may be purchased (at exorbitant rates) by contacting i@izs.me
npm warn deprecated tar@6.2.1: Old versions of tar are not supported, and contain widely publicized security vulnerabilities, which have been fixed in the current version. Please update. Support for old versions may be purchased (at exorbitant rates) by contacting i@izs.me
npm warn deprecated eslint@9.39.5: This version is no longer supported. Please see https://eslint.org/version-support for other options.

added 151 packages in 18s

══════════════════════════════════════════════════════════════
▶ Contrôle des types TypeScript
══════════════════════════════════════════════════════════════

> hmgcde-frontend@3.0.0 typecheck
> tsc --noEmit


══════════════════════════════════════════════════════════════
▶ Répartition entre les sociétés
══════════════════════════════════════════════════════════════
TAP version 13
# Subtest: une société sans équipe n'est jamais servie
ok 1 - une société sans équipe n'est jamais servie
  ---
  duration_ms: 2.215626
  type: 'test'
  ...
# Subtest: le total réparti égale toujours la quantité commandée
ok 2 - le total réparti égale toujours la quantité commandée
  ---
  duration_ms: 4.148256
  type: 'test'
  ...
# Subtest: aucune part négative
ok 3 - aucune part négative
  ---
  duration_ms: 0.466192
  type: 'test'
  ...
# Subtest: la répartition suit le nombre d'équipes
ok 4 - la répartition suit le nombre d'équipes
  ---
  duration_ms: 0.768818
  type: 'test'
  ...
# Subtest: sans aucune équipe configurée, rien n'est réparti d'office
ok 5 - sans aucune équipe configurée, rien n'est réparti d'office
  ---
  duration_ms: 0.179189
  type: 'test'
  ...
# Subtest: une quantité nulle ne distribue rien
ok 6 - une quantité nulle ne distribue rien
  ---
  duration_ms: 0.106931
  type: 'test'
  ...
1..6
# tests 6
# suites 0
# pass 6
# fail 0
# cancelled 0
# skipped 0
# todo 0
# duration_ms 91.831005

══════════════════════════════════════════════════════════════
▶ Conservation des prix saisis
══════════════════════════════════════════════════════════════
TAP version 13
# Subtest: le prix saisi se retrouve sur l'offre du bon fournisseur
ok 1 - le prix saisi se retrouve sur l'offre du bon fournisseur
  ---
  duration_ms: 0.958283
  type: 'test'
  ...
# Subtest: les autres fournisseurs gardent leur prix
ok 2 - les autres fournisseurs gardent leur prix
  ---
  duration_ms: 0.151748
  type: 'test'
  ...
# Subtest: le prix d'un élément de coffret est reporté
ok 3 - le prix d'un élément de coffret est reporté
  ---
  duration_ms: 0.184388
  type: 'test'
  ...
# Subtest: un prix à zéro est une valeur, pas une absence
ok 4 - un prix à zéro est une valeur, pas une absence
  ---
  duration_ms: 0.1459
  type: 'test'
  ...
# Subtest: sans saisie, le catalogue ressort intact
ok 5 - sans saisie, le catalogue ressort intact
  ---
  duration_ms: 0.11953
  type: 'test'
  ...
# Subtest: un produit non concerné n'est pas modifié
ok 6 - un produit non concerné n'est pas modifié
  ---
  duration_ms: 0.144258
  type: 'test'
  ...
1..6
# tests 6
# suites 0
# pass 6
# fail 0
# cancelled 0
# skipped 0
# todo 0
# duration_ms 81.152726

══════════════════════════════════════════════════════════════
▶ Numérotation des commandes et des demandes
══════════════════════════════════════════════════════════════
TAP version 13
# Subtest: un numéro libre est attribué du premier coup
ok 1 - un numéro libre est attribué du premier coup
  ---
  duration_ms: 1.060386
  type: 'test'
  ...
# Subtest: un numéro pris entre-temps passe au suivant au lieu d'écraser
ok 2 - un numéro pris entre-temps passe au suivant au lieu d'écraser
  ---
  duration_ms: 0.273271
  type: 'test'
  ...
# Subtest: le numéro renvoyé est celui qui a vraiment été écrit
ok 3 - le numéro renvoyé est celui qui a vraiment été écrit
  ---
  duration_ms: 0.764701
  type: 'test'
  ...
# Subtest: une panne remonte tout de suite, sans nouvelle tentative
ok 4 - une panne remonte tout de suite, sans nouvelle tentative
  ---
  duration_ms: 0.454194
  type: 'test'
  ...
# Subtest: des collisions sans fin échouent franchement plutôt que de boucler
ok 5 - des collisions sans fin échouent franchement plutôt que de boucler
  ---
  duration_ms: 0.285079
  type: 'test'
  ...
# Subtest: un doublon est reconnu par son nom comme par son numéro d'erreur
ok 6 - un doublon est reconnu par son nom comme par son numéro d'erreur
  ---
  duration_ms: 0.116135
  type: 'test'
  ...
1..6
# tests 6
# suites 0
# pass 6
# fail 0
# cancelled 0
# skipped 0
# todo 0
# duration_ms 51.99413

══════════════════════════════════════════════════════════════
▶ Filtres et totaux des commandes
══════════════════════════════════════════════════════════════
TAP version 13
# Subtest: relit une date écrite en toutes lettres, accents compris
ok 1 - relit une date écrite en toutes lettres, accents compris
  ---
  duration_ms: 2.079731
  type: 'test'
  ...
# Subtest: la borne haute garde le jour entier
ok 2 - la borne haute garde le jour entier
  ---
  duration_ms: 0.381765
  type: 'test'
  ...
# Subtest: filtre par fournisseur et par statut
ok 3 - filtre par fournisseur et par statut
  ---
  duration_ms: 0.205529
  type: 'test'
  ...
# Subtest: une date illisible n'est jamais écartée par un filtre de dates
ok 4 - une date illisible n'est jamais écartée par un filtre de dates
  ---
  duration_ms: 0.281444
  type: 'test'
  ...
# Subtest: les totaux tiennent compte du filtre en cours
ok 5 - les totaux tiennent compte du filtre en cours
  ---
  duration_ms: 0.308474
  type: 'test'
  ...
# Subtest: le détail par fournisseur va du plus gros au plus petit
ok 6 - le détail par fournisseur va du plus gros au plus petit
  ---
  duration_ms: 0.160832
  type: 'test'
  ...
# Subtest: un total manquant compte pour zéro, il ne casse pas la somme
ok 7 - un total manquant compte pour zéro, il ne casse pas la somme
  ---
  duration_ms: 0.198068
  type: 'test'
  ...
1..7
# tests 7
# suites 0
# pass 7
# fail 0
# cancelled 0
# skipped 0
# todo 0
# duration_ms 93.006706

══════════════════════════════════════════════════════════════
▶ Ventilation en euros par société
══════════════════════════════════════════════════════════════
TAP version 13
# Subtest: chaque société porte le prix de ce qu'elle reçoit
ok 1 - chaque société porte le prix de ce qu'elle reçoit
  ---
  duration_ms: 1.324475
  type: 'test'
  ...
# Subtest: une ligne sans répartition n'est imputée à personne
ok 2 - une ligne sans répartition n'est imputée à personne
  ---
  duration_ms: 0.13972
  type: 'test'
  ...
# Subtest: les centimes ne dérivent pas sur beaucoup de lignes
ok 3 - les centimes ne dérivent pas sur beaucoup de lignes
  ---
  duration_ms: 0.310437
  type: 'test'
  ...
# Subtest: un total absurde ne casse pas la somme
ok 4 - un total absurde ne casse pas la somme
  ---
  duration_ms: 0.150196
  type: 'test'
  ...
# Subtest: la ventilation par fournisseur va du plus gros au plus petit
ok 5 - la ventilation par fournisseur va du plus gros au plus petit
  ---
  duration_ms: 0.302696
  type: 'test'
  ...
# Subtest: une commande sans fournisseur reste comptée, sous un nom lisible
ok 6 - une commande sans fournisseur reste comptée, sous un nom lisible
  ---
  duration_ms: 0.127011
  type: 'test'
  ...
# Subtest: le détail commande par commande garde le lien avec la commande
ok 7 - le détail commande par commande garde le lien avec la commande
  ---
  duration_ms: 0.21915
  type: 'test'
  ...
# Subtest: une part ne vaut jamais NaN, même sans rien à ventiler
ok 8 - une part ne vaut jamais NaN, même sans rien à ventiler
  ---
  duration_ms: 0.105679
  type: 'test'
  ...
# Subtest: le CSV sort au format qu'attend un Excel français
ok 9 - le CSV sort au format qu'attend un Excel français
  ---
  duration_ms: 0.376577
  type: 'test'
  ...
# Subtest: une cellule qui contient un point-virgule ou un guillemet est encadrée
ok 10 - une cellule qui contient un point-virgule ou un guillemet est encadrée
  ---
  duration_ms: 0.319652
  type: 'test'
  ...
# Subtest: le nom du fichier porte la période exportée
ok 11 - le nom du fichier porte la période exportée
  ---
  duration_ms: 0.181964
  type: 'test'
  ...
1..11
# tests 11
# suites 0
# pass 11
# fail 0
# cancelled 0
# skipped 0
# todo 0
# duration_ms 89.618684

══════════════════════════════════════════════════════════════
▶ Unité de vente et conditionnement
══════════════════════════════════════════════════════════════
TAP version 13
# Subtest: l'unité de vente d'un fournisseur se relit
ok 1 - l'unité de vente d'un fournisseur se relit
  ---
  duration_ms: 1.690125
  type: 'test'
  ...
# Subtest: le conditionnement d'une offre se relit
ok 2 - le conditionnement d'une offre se relit
  ---
  duration_ms: 0.331349
  type: 'test'
  ...
# Subtest: un conditionnement qui ne dit pas combien n'est pas deviné
ok 3 - un conditionnement qui ne dit pas combien n'est pas deviné
  ---
  duration_ms: 0.118358
  type: 'test'
  ...
# Subtest: le touret de 1000 m devient la couronne de 100 m
ok 4 - le touret de 1000 m devient la couronne de 100 m
  ---
  duration_ms: 0.231879
  type: 'test'
  ...
# Subtest: les quatorze câbles du devis YESSS tombent juste
ok 5 - les quatorze câbles du devis YESSS tombent juste
  ---
  duration_ms: 0.196816
  type: 'test'
  ...
# Subtest: cent pièces vendues en vrac deviennent le prix d'une pièce
ok 6 - cent pièces vendues en vrac deviennent le prix d'une pièce
  ---
  duration_ms: 0.112419
  type: 'test'
  ...
# Subtest: cent pièces vendues par boîte de cent ne changent pas de prix
ok 7 - cent pièces vendues par boîte de cent ne changent pas de prix
  ---
  duration_ms: 0.098879
  type: 'test'
  ...
# Subtest: vendu à la pièce et conditionné à la pièce : rien à faire
ok 8 - vendu à la pièce et conditionné à la pièce : rien à faire
  ---
  duration_ms: 0.147352
  type: 'test'
  ...
# Subtest: sans conditionnement connu, le prix est repris tel quel et signalé
ok 9 - sans conditionnement connu, le prix est repris tel quel et signalé
  ---
  duration_ms: 0.348195
  type: 'test'
  ...
# Subtest: des mètres ne se convertissent pas en pièces
ok 10 - des mètres ne se convertissent pas en pièces
  ---
  duration_ms: 0.315435
  type: 'test'
  ...
# Subtest: une unité de vente absente laisse le prix intact
ok 11 - une unité de vente absente laisse le prix intact
  ---
  duration_ms: 0.154833
  type: 'test'
  ...
# Subtest: la conversion dit d'où elle vient et où elle va
ok 12 - la conversion dit d'où elle vient et où elle va
  ---
  duration_ms: 0.831042
  type: 'test'
  ...
# Subtest: le prix au mètre se calcule sans connaître le conditionnement
ok 13 - le prix au mètre se calcule sans connaître le conditionnement
  ---
  duration_ms: 0.120411
  type: 'test'
  ...
# Subtest: un produit qui ne se vend pas à la longueur n'a pas de prix au mètre
ok 14 - un produit qui ne se vend pas à la longueur n'a pas de prix au mètre
  ---
  duration_ms: 0.077927
  type: 'test'
  ...
# Subtest: le prix au mètre se déduit aussi d'une offre déjà enregistrée
ok 15 - le prix au mètre se déduit aussi d'une offre déjà enregistrée
  ---
  duration_ms: 0.085519
  type: 'test'
  ...
# Subtest: une offre qui ne se compte pas en mètres n'a pas de prix au mètre
ok 16 - une offre qui ne se compte pas en mètres n'a pas de prix au mètre
  ---
  duration_ms: 0.093701
  type: 'test'
  ...
1..16
# tests 16
# suites 0
# pass 16
# fail 0
# cancelled 0
# skipped 0
# todo 0
# duration_ms 94.739985

══════════════════════════════════════════════════════════════
▶ Références fournisseur par tableur
══════════════════════════════════════════════════════════════
TAP version 13
# Subtest: l'en-tête ouvre deux colonnes par fournisseur
ok 1 - l'en-tête ouvre deux colonnes par fournisseur
  ---
  duration_ms: 1.655473
  type: 'test'
  ...
# Subtest: un produit sans offre chez un fournisseur laisse ses cellules vides
ok 2 - un produit sans offre chez un fournisseur laisse ses cellules vides
  ---
  duration_ms: 0.269195
  type: 'test'
  ...
# Subtest: une référence « À renseigner » n'est pas recopiée comme une vraie
ok 3 - une référence « À renseigner » n'est pas recopiée comme une vraie
  ---
  duration_ms: 0.198469
  type: 'test'
  ...
# Subtest: réimporter un export qu'on n'a pas touché n'écrit rien
ok 4 - réimporter un export qu'on n'a pas touché n'écrit rien
  ---
  duration_ms: 0.965774
  type: 'test'
  ...
# Subtest: une référence remplie est apprise, et le prix suit
ok 5 - une référence remplie est apprise, et le prix suit
  ---
  duration_ms: 0.550149
  type: 'test'
  ...
# Subtest: une cellule vidée n'efface pas une référence connue
ok 6 - une cellule vidée n'efface pas une référence connue
  ---
  duration_ms: 1.183291
  type: 'test'
  ...
# Subtest: les prix se relisent à la française comme à l'anglaise
ok 7 - les prix se relisent à la française comme à l'anglaise
  ---
  duration_ms: 0.368866
  type: 'test'
  ...
# Subtest: une cellule de prix vide ou illisible ne vaut pas zéro
ok 8 - une cellule de prix vide ou illisible ne vaut pas zéro
  ---
  duration_ms: 0.184938
  type: 'test'
  ...
# Subtest: un identifiant inconnu est signalé, pas appliqué au hasard
ok 9 - un identifiant inconnu est signalé, pas appliqué au hasard
  ---
  duration_ms: 0.397579
  type: 'test'
  ...
# Subtest: une colonne de fournisseur inconnu est signalée
ok 10 - une colonne de fournisseur inconnu est signalée
  ---
  duration_ms: 0.405841
  type: 'test'
  ...
# Subtest: l'ordre des colonnes n'a pas d'importance
ok 11 - l'ordre des colonnes n'a pas d'importance
  ---
  duration_ms: 0.202225
  type: 'test'
  ...
# Subtest: une cellule contenant un point-virgule survit à l'aller-retour
ok 12 - une cellule contenant un point-virgule survit à l'aller-retour
  ---
  duration_ms: 0.263136
  type: 'test'
  ...
# Subtest: à défaut d'identifiant, le code suffit
ok 13 - à défaut d'identifiant, le code suffit
  ---
  duration_ms: 0.11286
  type: 'test'
  ...
# Subtest: le code se reconnaît sans égard à la casse
ok 14 - le code se reconnaît sans égard à la casse
  ---
  duration_ms: 0.091288
  type: 'test'
  ...
# Subtest: l'identifiant prime sur le code quand les deux sont là
ok 15 - l'identifiant prime sur le code quand les deux sont là
  ---
  duration_ms: 0.084227
  type: 'test'
  ...
# Subtest: un code inconnu est signalé, pas appliqué au hasard
ok 16 - un code inconnu est signalé, pas appliqué au hasard
  ---
  duration_ms: 0.088734
  type: 'test'
  ...
# Subtest: un fichier vide ou sans colonne clé ne fait rien
ok 17 - un fichier vide ou sans colonne clé ne fait rien
  ---
  duration_ms: 0.07959
  type: 'test'
  ...
1..17
# tests 17
# suites 0
# pass 17
# fail 0
# cancelled 0
# skipped 0
# todo 0
# duration_ms 98.414528

══════════════════════════════════════════════════════════════
▶ Compilation de l'interface
══════════════════════════════════════════════════════════════

> hmgcde-frontend@3.0.0 build
> tsc --noEmit && vite build

[36mvite v8.3.4 [32mbuilding client environment for production...[36m[39m
transforming...
✓ 1603 modules transformed.
rendering chunks...
computing gzip size...
dist/index.html                             0.78 kB │ gzip:   0.42 kB
dist/assets/pdf.worker.min-SzY6Yteu.js  1,133.66 kB
dist/assets/index-CfEvyfO6.css             67.55 kB │ gzip:  12.77 kB
dist/assets/pdf-C0sIVRTJ.js               365.88 kB │ gzip: 108.05 kB
dist/assets/xlsx-Bv_pSZNU.js              492.12 kB │ gzip: 160.37 kB
dist/assets/index-DeRJ2yDT.js             667.85 kB │ gzip: 182.06 kB

[33m[33m[EVAL] [0mUse of direct `eval` function is strongly discouraged as it poses security risks and may cause issues with minification.
      [38;5;246m╭[0m[38;5;246m─[0m[38;5;246m[[0m node_modules/pdfjs-dist/legacy/build/pdf.js:4549:24 [38;5;246m][0m
      [38;5;246m│[0m
 [38;5;246m4549 │[0m [38;5;249m [0m[38;5;249m [0m[38;5;249m [0m[38;5;249m [0m[38;5;249m [0m[38;5;249m [0m[38;5;249m [0m[38;5;249m [0m[38;5;249mc[0m[38;5;249mo[0m[38;5;249mn[0m[38;5;249ms[0m[38;5;249mt[0m[38;5;249m [0m[38;5;249mw[0m[38;5;249mo[0m[38;5;249mr[0m[38;5;249mk[0m[38;5;249me[0m[38;5;249mr[0m[38;5;249m [0m[38;5;249m=[0m[38;5;249m [0meval[38;5;249m([0m[38;5;249m"[0m[38;5;249mr[0m[38;5;249me[0m[38;5;249mq[0m[38;5;249mu[0m[38;5;249mi[0m[38;5;249mr[0m[38;5;249me[0m[38;5;249m"[0m[38;5;249m)[0m[38;5;249m([0m[38;5;249mt[0m[38;5;249mh[0m[38;5;249mi[0m[38;5;249ms[0m[38;5;249m.[0m[38;5;249mw[0m[38;5;249mo[0m[38;5;249mr[0m[38;5;249mk[0m[38;5;249me[0m[38;5;249mr[0m[38;5;249mS[0m[38;5;249mr[0m[38;5;249mc[0m[38;5;249m)[0m[38;5;249m;[0m
 [38;5;240m     │[0m                        ──┬─  
 [38;5;240m     │[0m                          ╰─── Use of direct `eval` here.
 [38;5;240m     │[0m 
 [38;5;240m     │[0m [38;5;115mHelp[0m: Consider using indirect eval. For more information, check the documentation: https://rolldown.rs/guide/troubleshooting#avoiding-direct-eval
[38;5;246m──────╯[0m
[39m
[33m[plugin builtin:vite-reporter] 
(!) Some chunks are larger than 500 kB after minification. Consider:
- Using dynamic import() to code-split the application
- Use build.rolldownOptions.output.codeSplitting to improve chunking: https://rolldown.rs/reference/OutputOptions.codeSplitting
- Adjust chunk size limit for this warning via build.chunkSizeWarningLimit.[39m
[32m✓ built in 368ms[39m

══════════════════════════════════════════════════════════════
▶ Création du schéma MySQL
══════════════════════════════════════════════════════════════

> hmgcde-backend@3.0.0 migrate
> node db/migrate.js

✓ migration appliquée : 001_init.sql
✓ migration appliquée : 002_role_demandeur.sql
2 migration(s) appliquée(s).

══════════════════════════════════════════════════════════════
▶ Amorçage des données
══════════════════════════════════════════════════════════════

> hmgcde-backend@3.0.0 seed
> node db/seed.js

✓ Sociétés, fournisseurs et réglages en place.
✓ Catalogue : 75 produit(s) créé(s), 75 au total.
✓ Compte administrateur créé : admin@hmgroup.fr

══════════════════════════════════════════════════════════════
▶ Démarrage de l'API
══════════════════════════════════════════════════════════════
API démarrée.

══════════════════════════════════════════════════════════════
▶ Parcours métier de bout en bout
══════════════════════════════════════════════════════════════

Test de l'API sur http://127.0.0.1:3001

  ✓ le serveur répond
  ✓ l'API refuse les visiteurs non connectés
  ✓ un mauvais mot de passe est refusé
  ✓ connexion réussie
  ✓ chargement initial
  ✓ les 4 sociétés sont présentes
  ✓ le catalogue est amorcé
  ✓ les fournisseurs sont présents
  ✓ le nombre d'équipes par société est connu
  ✓ un produit composé existe
  ✓ le composé a son contenu détaillé
  ✓ chaque élément connaît ses prix fournisseur
  ✓ commande enregistrée
  ✓ le serveur attribue le numéro
  ✓ la commande est relue depuis la base
  ✓ la répartition par société est conservée
  ✓ le fournisseur est conservé
  ✓ la date est renvoyée en français
  ✓ cinq commandes créées en même temps sont toutes acceptées
  ✓ chacune reçoit son propre numéro
  ✓ aucune commande n'a été écrasée
  ✓ les cinq commandes se relisent une à une
  ✓ une commande existante se corrige
  ✓ le numéro ne change pas à la correction
  ✓ la correction est bien en base
  ✓ une commande inconnue est refusée au lieu d'être recréée
  ✓ prix enregistré
  ✓ le nouveau prix est en base
  ✓ l'historique des prix est alimenté
  ✓ import de tarif enregistré
  ✓ le prix importé survit à la référence apprise
  ✓ la référence fournisseur est apprise
  ✓ le libellé du fournisseur est conservé
  ✓ l'import figure au journal
  ✓ second import enregistré
  ✓ le nouveau prix est en base
  ✓ une référence vide n'efface pas celle qui est connue
  ✓ demande d'achat enregistrée
  ✓ le serveur attribue le numéro de demande
  ✓ la demande est relue avec ses lignes
  ✓ paramètres enregistrés
  ✓ l'objet de l'e-mail est conservé
  ✓ le nombre d'équipes est conservé
  ✓ compte demandeur créé
  ✓ un identifiant simple est accepté
  ✓ un identifiant de moins de trois caractères est refusé
  ✓ connexion du demandeur
  ✓ le demandeur ne reçoit aucun prix produit
  ✓ le demandeur ne reçoit aucun total de commande
  ✓ le demandeur ne reçoit pas l'historique des prix
  ✓ le demandeur peut créer une demande d'achat
  ✓ le demandeur ne peut pas passer commande
  ✓ le demandeur ne peut pas toucher aux paramètres
  ✓ le demandeur ne voit pas les comptes
  ✓ déconnexion
  ✓ la session est bien fermée

Toutes les vérifications passent.


--- journal du serveur ---

> hmgcde-backend@3.0.0 start
> node server.js

✓ Base de données hmgcde accessible sur 127.0.0.1.
✓ API Achats filiales HM Group sur http://127.0.0.1:3001 (test)

✓ TOUT EST VERT
